 
       ==============================================
       |                 P T B                      |
       |                S.Grimme                    |
       |          Universitaet Bonn, MCTC           |
       ==============================================
       Version 3.7, Do 28. Apr 14:28:45 CEST 2022
 
       Cite work conducted with this code as
       S. Grimme, M. Mueller, A. Hansen, unpublished.
 
 ~/.atompara                                                                    
  
          =========================
          reading ... h2.xyz
          =========================
 basis read done.
 ncao           10
 nsao           10
 npr            28
 basis setup done. Ndim          10
 coreat            0
 cncao             0
 cnsao             0
 cnpr              0
 
 nalpha            1
 nbeta             1
 ntotal            2
 nopen             0
cpu  time for startup and initial S    0.02 s
wall time for startup and initial S    0.00 s
               -----------------------
               |      PTB  model      |
               | SG, MM, AH 2020-2022 |
               -----------------------
 prop :           1
 PA setup with Mull-Loew partitioning   0.333333 ...
 done.
EEQ done. sum q :    0.000
    atom   Zeff  qEEQ  mod   srCN   noHCN   CN(EEQ)
    1    1  1.0    -0.000   0.000   0.000   0.000
    2    1  1.0     0.000   0.000   0.000   0.000
 computing Vecp ...
 PTB H matrix iteration            1  done. Now diag ...
----------------------------------------------------------------------
 Initial density:
  0.000000000000000E+000  0.000000000000000E+000  0.000000000000000E+000
  0.000000000000000E+000  0.000000000000000E+000  0.000000000000000E+000
  0.000000000000000E+000  0.000000000000000E+000  0.000000000000000E+000
  0.000000000000000E+000  0.000000000000000E+000  0.000000000000000E+000

Number of electrons:       0.000000
Band structure energy:     0.000000
------------------------------------------------------------------------
----------------------------------------------------------------------
 PTB normal density:
  0.527596474787267       0.254922628096307       0.000000000000000E+000
  0.000000000000000E+000  0.000000000000000E+000  0.000000000000000E+000
  0.000000000000000E+000  0.000000000000000E+000  0.000000000000000E+000
  0.000000000000000E+000  0.254922628096307       0.123172821315251     

Number of electrons:       2.000000
Band structure energy:    -3.386675
------------------------------------------------------------------------

************************ PURIFICATION *************************

  __SETTINGS__
  Purification type:                 sign
  Sign mode:                         diagonalisation
  Overlap metric (S^metric):         -0.5
  Purification cycle number:         20
  Initial chemical potential:         0.00000000
  Fixed mode:                         T
  Verbose:                           T
 
Gershgorin norm     2.524752
Frobenuis norm     3.913421
------------------------------------------------------------------------
 sign_A:
-0.14700967-0.70948591 0.00000000 0.00000000 0.00000000 0.00000000 0.00000000 0.00000000 0.00000000 0.00000000
-0.70948591 0.29051409 0.00000000 0.00000000 0.00000000 0.00000000 0.00000000 0.00000000 0.00000000 0.00000000
 0.00000000 0.00000000-0.17178779 0.00000000 0.00000000 0.00000000 0.00000000 0.00000000 0.00000000 0.00000000
 0.00000000 0.00000000 0.00000000-0.17178779 0.00000000 0.00000000 0.00000000 0.00000000 0.00000000 0.00000000
 0.00000000 0.00000000 0.00000000 0.00000000-0.17178779 0.00000000 0.00000000 0.00000000 0.00000000 0.00000000
 0.00000000 0.00000000 0.00000000 0.00000000 0.00000000-0.14700967-0.70948591 0.00000000 0.00000000 0.00000000
 0.00000000 0.00000000 0.00000000 0.00000000 0.00000000-0.70948591 0.29051409 0.00000000 0.00000000 0.00000000
 0.00000000 0.00000000 0.00000000 0.00000000 0.00000000 0.00000000 0.00000000-0.17178779 0.00000000 0.00000000
 0.00000000 0.00000000 0.00000000 0.00000000 0.00000000 0.00000000 0.00000000 0.00000000-0.17178779 0.00000000
 0.00000000 0.00000000 0.00000000 0.00000000 0.00000000 0.00000000 0.00000000 0.00000000 0.00000000-0.17178779
------------------------------------------------------------------------
Sparsity ratio:     86.00%
(max nonzero column / dimension) ratio      20.00%
The approximate decrease of comp time:         26.3
Applying submatrix method to matrix of dimension  10
Submatrix 1
------------------------------------------------------------------------
 :
-0.14700967-0.70948591
-0.70948591 0.29051409
------------------------------------------------------------------------
 
diagonalized submatrix 1
------------------------------------------------------------------------
 :
 0.00000000 0.00000000
 0.00000000 0.00000000
------------------------------------------------------------------------
 
Submatrix 2
------------------------------------------------------------------------
 :
-0.14700967-0.70948591
-0.70948591 0.29051409
------------------------------------------------------------------------
 
diagonalized submatrix 2
------------------------------------------------------------------------
 :
 0.00000000 0.00000000
 0.00000000 0.00000000
------------------------------------------------------------------------
 
Submatrix 3
------------------------------------------------------------------------
 :
-0.17178779
------------------------------------------------------------------------
 
diagonalized submatrix 3
------------------------------------------------------------------------
 :
 0.00000000
------------------------------------------------------------------------
 
Submatrix 4
------------------------------------------------------------------------
 :
-0.17178779
------------------------------------------------------------------------
 
diagonalized submatrix 4
------------------------------------------------------------------------
 :
 0.00000000
------------------------------------------------------------------------
 
Submatrix 5
------------------------------------------------------------------------
 :
-0.17178779
------------------------------------------------------------------------
 
diagonalized submatrix 5
------------------------------------------------------------------------
 :
 0.00000000
------------------------------------------------------------------------
 
Submatrix 6
------------------------------------------------------------------------
 :
-0.14700967-0.70948591
-0.70948591 0.29051409
------------------------------------------------------------------------
 
diagonalized submatrix 6
------------------------------------------------------------------------
 :
 0.00000000 0.00000000
 0.00000000 0.00000000
------------------------------------------------------------------------
 
Submatrix 7
------------------------------------------------------------------------
 :
-0.14700967-0.70948591
-0.70948591 0.29051409
------------------------------------------------------------------------
 
diagonalized submatrix 7
------------------------------------------------------------------------
 :
 0.00000000 0.00000000
 0.00000000 0.00000000
------------------------------------------------------------------------
 
Submatrix 8
------------------------------------------------------------------------
 :
-0.17178779
------------------------------------------------------------------------
 
diagonalized submatrix 8
------------------------------------------------------------------------
 :
 0.00000000
------------------------------------------------------------------------
 
Submatrix 9
------------------------------------------------------------------------
 :
-0.17178779
------------------------------------------------------------------------
 
diagonalized submatrix 9
------------------------------------------------------------------------
 :
 0.00000000
------------------------------------------------------------------------
 
Submatrix 10
------------------------------------------------------------------------
 :
-0.17178779
------------------------------------------------------------------------
 
diagonalized submatrix 10
------------------------------------------------------------------------
 :
 0.00000000
------------------------------------------------------------------------
 
------------------------------------------------------------------------
 after sub:
 0.00000000 0.00000000 0.00000000 0.00000000 0.00000000 0.00000000 0.00000000 0.00000000 0.00000000 0.00000000
 0.00000000 0.00000000 0.00000000 0.00000000 0.00000000 0.00000000 0.00000000 0.00000000 0.00000000 0.00000000
 0.00000000 0.00000000 0.00000000 0.00000000 0.00000000 0.00000000 0.00000000 0.00000000 0.00000000 0.00000000
 0.00000000 0.00000000 0.00000000 0.00000000 0.00000000 0.00000000 0.00000000 0.00000000 0.00000000 0.00000000
 0.00000000 0.00000000 0.00000000 0.00000000 0.00000000 0.00000000 0.00000000 0.00000000 0.00000000 0.00000000
 0.00000000 0.00000000 0.00000000 0.00000000 0.00000000 0.00000000 0.00000000 0.00000000 0.00000000 0.00000000
 0.00000000 0.00000000 0.00000000 0.00000000 0.00000000 0.00000000 0.00000000 0.00000000 0.00000000 0.00000000
 0.00000000 0.00000000 0.00000000 0.00000000 0.00000000 0.00000000 0.00000000 0.00000000 0.00000000 0.00000000
 0.00000000 0.00000000 0.00000000 0.00000000 0.00000000 0.00000000 0.00000000 0.00000000 0.00000000 0.00000000
 0.00000000 0.00000000 0.00000000 0.00000000 0.00000000 0.00000000 0.00000000 0.00000000 0.00000000 0.00000000
------------------------------------------------------------------------
chempot =    0.0000, electrons =   10.0000, band-str E =   -1.8777
 
----------------------------------------------------------------------
 Purified density:
   1.88391067922570       -1.29042968350660       0.000000000000000E+000
  0.000000000000000E+000  0.000000000000000E+000  0.000000000000000E+000
  0.000000000000000E+000  0.000000000000000E+000  0.000000000000000E+000
  0.000000000000000E+000  -1.29042968350660        1.88391067922570     

Number of electrons:      10.000000
Band structure energy:    -1.877703
------------------------------------------------------------------------
