 
       ==============================================
       |                 P T B                      |
       |                S.Grimme                    |
       |          Universitaet Bonn, MCTC           |
       ==============================================
       Version 3.7, Do 28. Apr 14:28:45 CEST 2022
 
       Cite work conducted with this code as
       S. Grimme, M. Mueller, A. Hansen, unpublished.
 
 ~/.atompara                                                                    
  
          =========================
          reading ... h2.xyz
          =========================
 basis read done.
 ncao           10
 nsao           10
 npr            28
 basis setup done. Ndim          10
 coreat            0
 cncao             0
 cnsao             0
 cnpr              0
 
 nalpha            1
 nbeta             1
 ntotal            2
 nopen             0
cpu  time for startup and initial S    0.01 s
wall time for startup and initial S    0.00 s
               -----------------------
               |      PTB  model      |
               | SG, MM, AH 2020-2022 |
               -----------------------
 prop :           1
 PA setup with Mull-Loew partitioning   0.333333 ...
 done.
EEQ done. sum q :    0.000
    atom   Zeff  qEEQ  mod   srCN   noHCN   CN(EEQ)
    1    1  1.0    -0.000   0.000   0.000   0.000
    2    1  1.0     0.000   0.000   0.000   0.000
 computing Vecp ...
 PTB H matrix iteration            1  done. Now diag ...
----------------------------------------------------------------------
 Initial density:
  0.000000000000000E+000  0.000000000000000E+000  0.000000000000000E+000
  0.000000000000000E+000  0.000000000000000E+000  0.000000000000000E+000
  0.000000000000000E+000  0.000000000000000E+000  0.000000000000000E+000
  0.000000000000000E+000  0.000000000000000E+000  0.000000000000000E+000

Number of electrons:       0.000000
Band structure energy:     0.000000
------------------------------------------------------------------------
================================================================================
Elapse time for solve2
                Wall time:     0 d,  0 h,  0 min,      0.00009100 sec
                 CPU time:     0 d,  0 h,  0 min,      0.00008900 sec
================================================================================
----------------------------------------------------------------------
 PTB normal density:
  0.527596474787267       0.254922628096307       0.000000000000000E+000
  0.000000000000000E+000  0.000000000000000E+000  0.000000000000000E+000
  0.000000000000000E+000  0.000000000000000E+000  0.000000000000000E+000
  0.000000000000000E+000  0.254922628096307       0.123172821315251     

Number of electrons:       2.000000
Band structure energy:    -3.386675
------------------------------------------------------------------------

************************ PURIFICATION *************************

  __SETTINGS__
  Purification type:                 sign
  Sign mode:                         diagonalisation
  Overlap metric (S^metric):         -0.5
  Purification cycle number:         40
  Initial chemical potential:        -1.60000000
  Fixed mode:                         T
  Verbose:                           T
 
Gershgorin norm     4.124752
Frobenuis norm     5.908148
------------------------------------------------------------------------
 sign_A:
 0.29791777-0.43427485 0.00000000 0.00000000 0.00000000 0.00000000 0.00000000 0.00000000 0.00000000 0.00000000
-0.43427485 0.56572515 0.00000000 0.00000000 0.00000000 0.00000000 0.00000000 0.00000000 0.00000000 0.00000000
 0.00000000 0.00000000 0.28275114 0.00000000 0.00000000 0.00000000 0.00000000 0.00000000 0.00000000 0.00000000
 0.00000000 0.00000000 0.00000000 0.28275114 0.00000000 0.00000000 0.00000000 0.00000000 0.00000000 0.00000000
 0.00000000 0.00000000 0.00000000 0.00000000 0.28275114 0.00000000 0.00000000 0.00000000 0.00000000 0.00000000
 0.00000000 0.00000000 0.00000000 0.00000000 0.00000000 0.29791777-0.43427485 0.00000000 0.00000000 0.00000000
 0.00000000 0.00000000 0.00000000 0.00000000 0.00000000-0.43427485 0.56572515 0.00000000 0.00000000 0.00000000
 0.00000000 0.00000000 0.00000000 0.00000000 0.00000000 0.00000000 0.00000000 0.28275114 0.00000000 0.00000000
 0.00000000 0.00000000 0.00000000 0.00000000 0.00000000 0.00000000 0.00000000 0.00000000 0.28275114 0.00000000
 0.00000000 0.00000000 0.00000000 0.00000000 0.00000000 0.00000000 0.00000000 0.00000000 0.00000000 0.28275114
------------------------------------------------------------------------
Sparsity ratio:     86.00%
(max nonzero column / dimension) ratio      20.00%
The approximate decrease of comp time:         26.3
Applying submatrix method to matrix of dimension  10
Submatrix 1
------------------------------------------------------------------------
 :
 0.29791777-0.43427485
-0.43427485 0.56572515
------------------------------------------------------------------------
 
diagonalized submatrix 1
------------------------------------------------------------------------
 :
-0.29464997-0.95560525
-0.95560525 0.29464997
------------------------------------------------------------------------
 
Submatrix 2
------------------------------------------------------------------------
 :
 0.29791777-0.43427485
-0.43427485 0.56572515
------------------------------------------------------------------------
 
diagonalized submatrix 2
------------------------------------------------------------------------
 :
-0.29464997-0.95560525
-0.95560525 0.29464997
------------------------------------------------------------------------
 
Submatrix 3
------------------------------------------------------------------------
 :
 0.28275114
------------------------------------------------------------------------
 
diagonalized submatrix 3
------------------------------------------------------------------------
 :
 1.00000000
------------------------------------------------------------------------
 
Submatrix 4
------------------------------------------------------------------------
 :
 0.28275114
------------------------------------------------------------------------
 
diagonalized submatrix 4
------------------------------------------------------------------------
 :
 1.00000000
------------------------------------------------------------------------
 
Submatrix 5
------------------------------------------------------------------------
 :
 0.28275114
------------------------------------------------------------------------
 
diagonalized submatrix 5
------------------------------------------------------------------------
 :
 1.00000000
------------------------------------------------------------------------
 
Submatrix 6
------------------------------------------------------------------------
 :
 0.29791777-0.43427485
-0.43427485 0.56572515
------------------------------------------------------------------------
 
diagonalized submatrix 6
------------------------------------------------------------------------
 :
-0.29464997-0.95560525
-0.95560525 0.29464997
------------------------------------------------------------------------
 
Submatrix 7
------------------------------------------------------------------------
 :
 0.29791777-0.43427485
-0.43427485 0.56572515
------------------------------------------------------------------------
 
diagonalized submatrix 7
------------------------------------------------------------------------
 :
-0.29464997-0.95560525
-0.95560525 0.29464997
------------------------------------------------------------------------
 
Submatrix 8
------------------------------------------------------------------------
 :
 0.28275114
------------------------------------------------------------------------
 
diagonalized submatrix 8
------------------------------------------------------------------------
 :
 1.00000000
------------------------------------------------------------------------
 
Submatrix 9
------------------------------------------------------------------------
 :
 0.28275114
------------------------------------------------------------------------
 
diagonalized submatrix 9
------------------------------------------------------------------------
 :
 1.00000000
------------------------------------------------------------------------
 
Submatrix 10
------------------------------------------------------------------------
 :
 0.28275114
------------------------------------------------------------------------
 
diagonalized submatrix 10
------------------------------------------------------------------------
 :
 1.00000000
------------------------------------------------------------------------
 
------------------------------------------------------------------------
 after sub:
-0.29464997-0.95560525 0.00000000 0.00000000 0.00000000 0.00000000 0.00000000 0.00000000 0.00000000 0.00000000
-0.95560525 0.29464997 0.00000000 0.00000000 0.00000000 0.00000000 0.00000000 0.00000000 0.00000000 0.00000000
 0.00000000 0.00000000 1.00000000 0.00000000 0.00000000 0.00000000 0.00000000 0.00000000 0.00000000 0.00000000
 0.00000000 0.00000000 0.00000000 1.00000000 0.00000000 0.00000000 0.00000000 0.00000000 0.00000000 0.00000000
 0.00000000 0.00000000 0.00000000 0.00000000 1.00000000 0.00000000 0.00000000 0.00000000 0.00000000 0.00000000
 0.00000000 0.00000000 0.00000000 0.00000000 0.00000000-0.29464997-0.95560525 0.00000000 0.00000000 0.00000000
 0.00000000 0.00000000 0.00000000 0.00000000 0.00000000-0.95560525 0.29464997 0.00000000 0.00000000 0.00000000
 0.00000000 0.00000000 0.00000000 0.00000000 0.00000000 0.00000000 0.00000000 1.00000000 0.00000000 0.00000000
 0.00000000 0.00000000 0.00000000 0.00000000 0.00000000 0.00000000 0.00000000 0.00000000 1.00000000 0.00000000
 0.00000000 0.00000000 0.00000000 0.00000000 0.00000000 0.00000000 0.00000000 0.00000000 0.00000000 1.00000000
------------------------------------------------------------------------
chempot =   -1.6000, electrons =    4.0000, band-str E =   -6.7733
 
================================================================================
Elapse time for purification
                Wall time:     0 d,  0 h,  0 min,      0.00021800 sec
                 CPU time:     0 d,  0 h,  0 min,      0.00021800 sec
================================================================================
----------------------------------------------------------------------
 Purified density:
   1.05519294957453       0.509845256192614       0.000000000000000E+000
  0.000000000000000E+000  0.000000000000000E+000  0.000000000000000E+000
  0.000000000000000E+000  0.000000000000000E+000  0.000000000000000E+000
  0.000000000000000E+000  0.509845256192614       0.246345642630502     

Number of electrons:       4.000000
Band structure energy:    -6.773349
------------------------------------------------------------------------
