 
       ==============================================
       |                 P T B                      |
       |                S.Grimme                    |
       |          Universitaet Bonn, MCTC           |
       ==============================================
       Version 3.7, Do 28. Apr 14:28:45 CEST 2022
 
       Cite work conducted with this code as
       S. Grimme, M. Mueller, A. Hansen, unpublished.
 
 ~/.atompara                                                                    
  
          =========================
          reading ... ethan.xyz
          =========================
 basis read done.
 ncao           58
 nsao           56
 npr           156
 basis setup done. Ndim          56
 coreat            2
 cncao             2
 cnsao             2
 cnpr             12
 
 nalpha            7
 nbeta             7
 ntotal           14
 nopen             0
cpu  time for startup and initial S    0.02 s
wall time for startup and initial S    0.00 s
               -----------------------
               |      PTB  model      |
               | SG, MM, AH 2020-2022 |
               -----------------------
 prop :           1
 PA setup with Mull-Loew partitioning   0.333333 ...
 done.
EEQ done. sum q :    0.000
    atom   Zeff  qEEQ  mod   srCN   noHCN   CN(EEQ)
    1    6  4.0    -0.081   3.974   0.405   4.014
    2    6  4.0    -0.081   3.974   0.405   4.014
    3    1  1.0     0.027   1.026   0.004   1.005
    4    1  1.0     0.027   1.026   0.004   1.005
    5    1  1.0     0.027   1.026   0.004   1.005
    6    1  1.0     0.027   1.026   0.004   1.005
    7    1  1.0     0.027   1.026   0.004   1.005
    8    1  1.0     0.027   1.026   0.004   1.005
 computing Vecp ...
 PTB H matrix iteration            1  done. Now diag ...
 PTB H matrix iteration            2  done. Now diag ...
 BAND of purified  -31.6627176311375     
 
 p initial
  0.539526614165013      -1.213590427405943E-002  3.622019654904370E-002
 -7.193557357183868E-007 -2.281202280372104E-008  6.478129192875342E-003
  7.793286817500444E-008  1.018119263276197E-006 -8.186998101958743E-003
  4.727208366234499E-003  2.886171129337328E-008 -3.047262889027054E-008
 -6.293383457200124E-007  0.141491025107137      -8.785243271415577E-002
 -0.312467586968465      -1.567231376041131E-007  5.897050569174485E-008
 -3.307514559994096E-002 -7.795562305710700E-008  2.778016564839679E-007
 -2.470291095226635E-003  1.426294639788460E-003  9.309069942560055E-008
 -1.529172843302048E-007 -1.283442988549341E-007  0.197552659736328     
 -1.697946377219784E-002  1.323956361427500E-003 -2.396346071245987E-003
  1.691558572745813E-002  0.197551990380875      -1.697840190869821E-002
  1.324033892441596E-003 -1.345451947583340E-002 -1.053532657412078E-002
  0.197553405108683      -1.697927047862353E-002  1.324139765709200E-003
  1.584788380903699E-002 -6.386278307548854E-003 -3.987732462632480E-002
  6.466240602351291E-003  6.915856119989230E-004 -6.686848050577238E-004
  2.691772137807930E-004 -3.987735746246281E-002  6.465826657592365E-003
  6.916826217890498E-004  5.674704875507827E-004  4.442057473152500E-004
 -3.987725773989347E-002  6.465734188663906E-003  6.917206486659387E-004
  1.009542178513729E-004 -7.137524752597723E-004
 
 pSp
  0.539526614165013      -1.213590427405940E-002  3.622019654904372E-002
 -7.193557359024470E-007 -2.281202259480242E-008  6.478129192875375E-003
  7.793286812949433E-008  1.018119263325340E-006 -8.186998101958750E-003
  4.727208366234474E-003  2.886171131350423E-008 -3.047262890237574E-008
 -6.293383457270343E-007  0.141491025107137      -8.785243271415578E-002
 -0.312467586968465      -1.567231376082146E-007  5.897050576401507E-008
 -3.307514559994099E-002 -7.795562304299073E-008  2.778016564820526E-007
 -2.470291095226636E-003  1.426294639788442E-003  9.309069944988402E-008
 -1.529172843596157E-007 -1.283442988634586E-007  0.197552659736328     
 -1.697946377219790E-002  1.323956361427498E-003 -2.396346071245988E-003
  1.691558572745811E-002  0.197551990380875      -1.697840190869821E-002
  1.324033892441598E-003 -1.345451947583340E-002 -1.053532657412077E-002
  0.197553405108683      -1.697927047862351E-002  1.324139765709207E-003
  1.584788380903699E-002 -6.386278307548852E-003 -3.987732462632489E-002
  6.466240602351322E-003  6.915856119989207E-004 -6.686848050577036E-004
  2.691772137807833E-004 -3.987735746246297E-002  6.465826657592344E-003
  6.916826217890483E-004  5.674704875507716E-004  4.442057473152352E-004
 -3.987725773989360E-002  6.465734188663861E-003  6.917206486659382E-004
  1.009542178513763E-004 -7.137524752597616E-004
 Purification loop
chemical potential =   -100.000000000, iterations = 1, electrons =   13.999998093, Band-str E =  -31.662717631, norm2=   2.899010817
chemical potential =   -100.000000000, iterations = 2, electrons =   13.999998093, Band-str E =  -31.662717631, norm2=   2.899010817
chemical potential =   -100.000000000, iterations = 3, electrons =   13.999998093, Band-str E =  -31.662717631, norm2=   2.899010817
chemical potential =   -100.000000000, iterations = 4, electrons =   13.999998093, Band-str E =  -31.662717631, norm2=   2.899010817
chemical potential =   -100.000000000, iterations = 5, electrons =   13.999998093, Band-str E =  -31.662717631, norm2=   2.899010817
chemical potential =   -100.000000000, iterations = 6, electrons =   13.999998093, Band-str E =  -31.662717631, norm2=   2.899010817
chemical potential =   -100.000000000, iterations = 7, electrons =   13.999998093, Band-str E =  -31.662717631, norm2=   2.899010817
chemical potential =   -100.000000000, iterations = 8, electrons =   13.999998093, Band-str E =  -31.662717631, norm2=   2.899010817
chemical potential =   -100.000000000, iterations = 9, electrons =   13.999998093, Band-str E =  -31.662717631, norm2=   2.899010817
chemical potential =   -100.000000000, iterations = 10, electrons =   13.999998093, Band-str E =  -31.662717631, norm2=   2.899010817
chemical potential =   -100.000000000, iterations = 11, electrons =   13.999998093, Band-str E =  -31.662717631, norm2=   2.899010817
chemical potential =   -100.000000000, iterations = 12, electrons =   13.999998093, Band-str E =  -31.662717631, norm2=   2.899010817
chemical potential =   -100.000000000, iterations = 13, electrons =   13.999998093, Band-str E =  -31.662717631, norm2=   2.899010817
chemical potential =   -100.000000000, iterations = 14, electrons =   13.999998093, Band-str E =  -31.662717631, norm2=   2.899010817
chemical potential =   -100.000000000, iterations = 15, electrons =   13.999998093, Band-str E =  -31.662717631, norm2=   2.899010817
chemical potential =   -100.000000000, iterations = 16, electrons =   13.999998093, Band-str E =  -31.662717631, norm2=   2.899010817
chemical potential =   -100.000000000, iterations = 17, electrons =   13.999998093, Band-str E =  -31.662717631, norm2=   2.899010817
chemical potential =   -100.000000000, iterations = 18, electrons =   13.999998093, Band-str E =  -31.662717631, norm2=   2.899010817
chemical potential =   -100.000000000, iterations = 19, electrons =   13.999998093, Band-str E =  -31.662717631, norm2=   2.899010817
chemical potential =   -100.000000000, iterations = 20, electrons =   13.999998093, Band-str E =  -31.662717631, norm2=   2.899010817
 frontier MO occupations   :   2.0000  2.0000  2.0000  2.0000  2.0000  2.0000  2.0000  0.0000  0.0000
 (shifted) level energies  :  -1.0638 -0.7387 -0.6859 -0.6859 -0.5041 -0.4008 -0.4008  0.1479  0.2354
 gaps (1st,2nd, eV)        :    23.860   14.933
 D4 dispersion energy      :     -0.013955

     ------  PTB results ------
  # element  Z   pop.                shell populations
  1     C   4.0  4.2233       0.490  0.214  2.324  0.677  0.518
  2     C   4.0  4.2233       0.490  0.214  2.324  0.677  0.518
  3     H   1.0  0.9256       0.659  0.129  0.137
  4     H   1.0  0.9256       0.659  0.129  0.137
  5     H   1.0  0.9256       0.659  0.129  0.137
  6     H   1.0  0.9256       0.659  0.129  0.137
  7     H   1.0  0.9256       0.659  0.129  0.137
  8     H   1.0  0.9256       0.659  0.129  0.137
 largest Wiberg (=(PS)*(SP)) bond orders for each atom
           total WBO             WBO to atom > 0.05 ...
     1  C   4.116    C    2 1.241    H    4 0.931    H    5 0.931    H    3 0.931
     2  C   4.116    C    1 1.241    H    7 0.931    H    6 0.931    H    8 0.931
     3  H   1.014    C    1 0.931    H    8 0.053
     4  H   1.014    C    1 0.931    H    7 0.053
     5  H   1.014    C    1 0.931    H    6 0.053
     6  H   1.014    C    2 0.931    H    5 0.053
     7  H   1.014    C    2 0.931    H    4 0.053
     8  H   1.014    C    2 0.931    H    3 0.053
dipole moment  X         Y          Z
       -0.000006        0.000002        0.000001  total     (au/Debye)      :     0.0000     0.0000
second moment  X^2       Y^2        Z^2
       13.301356       10.268280       10.268284  average   (au)            :    11.2793
cpu  time for all    1.30 s
wall time for all    0.00 s
