 
       ==============================================
       |                 P T B                      |
       |                S.Grimme                    |
       |          Universitaet Bonn, MCTC           |
       ==============================================
       Version 3.7, Do 28. Apr 14:28:45 CEST 2022
 
       Cite work conducted with this code as
       S. Grimme, M. Mueller, A. Hansen, unpublished.
 
 ~/.atompara                                                                    
  
          =========================
          reading ... ethan.xyz
          =========================
 basis read done.
 ncao           58
 nsao           56
 npr           156
 basis setup done. Ndim          56
 coreat            2
 cncao             2
 cnsao             2
 cnpr             12
 
 nalpha            7
 nbeta             7
 ntotal           14
 nopen             0
cpu  time for startup and initial S    0.02 s
wall time for startup and initial S    0.00 s
               -----------------------
               |      PTB  model      |
               | SG, MM, AH 2020-2022 |
               -----------------------
 prop :           1
 PA setup with Mull-Loew partitioning   0.333333 ...
 done.
EEQ done. sum q :    0.000
    atom   Zeff  qEEQ  mod   srCN   noHCN   CN(EEQ)
    1    6  4.0    -0.081   3.974   0.405   4.014
    2    6  4.0    -0.081   3.974   0.405   4.014
    3    1  1.0     0.027   1.026   0.004   1.005
    4    1  1.0     0.027   1.026   0.004   1.005
    5    1  1.0     0.027   1.026   0.004   1.005
    6    1  1.0     0.027   1.026   0.004   1.005
    7    1  1.0     0.027   1.026   0.004   1.005
    8    1  1.0     0.027   1.026   0.004   1.005
 computing Vecp ...
 PTB H matrix iteration            1  done. Now diag ...
 PTB H matrix iteration            2  done. Now diag ...
 
 p initial
   70.7322094103956       -235.565192556481       -2.47995413673261     
  1.105562702840814E-005 -1.899688314723332E-005  -73.2316741387899     
 -1.986307736118528E-004  9.012177235373770E-005  -3.11022766705920     
   1.79571217544374       1.953081143578401E-005  1.144413717766089E-005
  9.379687016525117E-006  -45.0961123390032        212.802739613914     
 -0.254822238077481       8.719991441214217E-007  7.470649038597625E-006
  -68.0668687179777       1.407248851856854E-004 -7.503035741274277E-005
  2.271240404722774E-002 -1.311079950806038E-002  6.724046615143793E-006
  2.070937531012291E-005  3.698322628059843E-005   5.77622524160545     
  -9.70557606829121      -0.160118298224499       0.336007579026310     
  -2.37281076008126        5.77626791707102       -9.70556262602060     
 -0.160110858859812        1.88691053785260        1.47730249564200     
   5.77622194828649       -9.70582734480304      -0.160030341652193     
  -2.22290028429406       0.895447295482767       -5.95041009255991     
   12.2853484777633      -0.121343957378698       0.261000858859232     
 -0.105155126764878       -5.95043693016103        12.2855294869764     
 -0.121311104242446      -0.221552210802018      -0.173448921380036     
  -5.95043605306408        12.2855484341616      -0.121319357773810     
 -3.947351904176273E-002  0.278575515337293     
 
 pSp
   115.145226738052       -523.245733927560       -12.7767541692500     
  4.178780284376982E-005 -2.386824132290287E-005  -172.777675046897     
 -3.897744920112701E-004  1.962073793313466E-004  -10.2820974834730     
   5.93641552997861       9.478168529600262E-006  2.475438631857271E-005
  4.292561965630573E-005  -96.2075128233796        505.267969339463     
  -11.2033989731843      -6.305180632864421E-007  2.130263865312426E-005
  -169.186311382906       3.748660456907651E-004 -2.107906122462994E-004
   8.05393464222056       -4.64993990498703      -9.545427729585818E-007
  4.992704591526634E-005  8.599930991228921E-005   14.3578365608299     
  -27.6119025133780       0.676815215405114       0.180870051171250     
  -1.27691435839243        14.3578624318294       -27.6119058045150     
  0.676816750054136        1.01543336837451       0.794947990078404     
   14.3578913166205       -27.6124009299527       0.677042429235213     
  -1.19622700136867       0.481876608231191       -14.2515809979321     
   29.7354071931493       0.657667404232238       0.514175351665040     
 -0.207161298035608       -14.2516294305385        29.7358460895978     
  0.657736059236920      -0.436477076438047      -0.341693086244688     
  -14.2516178277629        29.7359265027033       0.657701211942191     
 -7.777755554536459E-002  0.548799301193916     
