 
       ==============================================
       |                 P T B                      |
       |                S.Grimme                    |
       |          Universitaet Bonn, MCTC           |
       ==============================================
       Version 3.7, Do 28. Apr 14:28:45 CEST 2022
 
       Cite work conducted with this code as
       S. Grimme, M. Mueller, A. Hansen, unpublished.
 
 ~/.atompara                                                                    
  
          =========================
          reading ... ethan.xyz
          =========================
 basis read done.
 ncao           58
 nsao           56
 npr           156
 basis setup done. Ndim          56
 coreat            2
 cncao             2
 cnsao             2
 cnpr             12
 
 nalpha            7
 nbeta             7
 ntotal           14
 nopen             0
cpu  time for startup and initial S    0.03 s
wall time for startup and initial S    0.00 s
               -----------------------
               |      PTB  model      |
               | SG, MM, AH 2020-2022 |
               -----------------------
 prop :           1
 PA setup with Mull-Loew partitioning   0.333333 ...
 done.
EEQ done. sum q :    0.000
    atom   Zeff  qEEQ  mod   srCN   noHCN   CN(EEQ)
    1    6  4.0    -0.081   3.974   0.405   4.014
    2    6  4.0    -0.081   3.974   0.405   4.014
    3    1  1.0     0.027   1.026   0.004   1.005
    4    1  1.0     0.027   1.026   0.004   1.005
    5    1  1.0     0.027   1.026   0.004   1.005
    6    1  1.0     0.027   1.026   0.004   1.005
    7    1  1.0     0.027   1.026   0.004   1.005
    8    1  1.0     0.027   1.026   0.004   1.005
 computing Vecp ...
 PTB H matrix iteration            1  done. Now diag ...
------------------------------------------------------------------------
 Overlap:
   1.00000000000000       0.896725798633308       0.000000000000000E+000
  0.000000000000000E+000  0.000000000000000E+000  0.000000000000000E+000
  0.000000000000000E+000  0.000000000000000E+000  0.000000000000000E+000
  0.000000000000000E+000  0.000000000000000E+000  0.000000000000000E+000
------------------------------------------------------------------------
 Hamiltonian:
  -2.98257171493521       -3.61449546563407      -0.140239717614967     
 -1.030136402846438E-007  7.579804162105575E-008 -0.134480165314394     
 -3.104968300249311E-007  2.019747391557303E-008  2.421431866922004E-002
 -1.398023788793103E-002 -5.550469381887524E-007  8.828970265994940E-008
------------------------------------------------------------------------
 Density matrix:
  0.000000000000000E+000  0.000000000000000E+000  0.000000000000000E+000
  0.000000000000000E+000  0.000000000000000E+000  0.000000000000000E+000
  0.000000000000000E+000  0.000000000000000E+000  0.000000000000000E+000
  0.000000000000000E+000  0.000000000000000E+000  0.000000000000000E+000
 
***************************** AFTER SOLVE2 *****************************
------------------------------------------------------------------------
 Overlap:
   1.00000000000000       0.896725798633308       0.000000000000000E+000
  0.000000000000000E+000  0.000000000000000E+000  0.000000000000000E+000
  0.000000000000000E+000  0.000000000000000E+000  0.000000000000000E+000
  0.000000000000000E+000  0.000000000000000E+000  0.000000000000000E+000
------------------------------------------------------------------------
 Hamiltonian:
  -2.98257171493521       -3.61449546563407      -0.140239717614967     
 -1.030136402846438E-007  7.579804162105575E-008 -0.134480165314394     
 -3.104968300249311E-007  2.019747391557303E-008  2.421431866922004E-002
 -1.398023788793103E-002 -5.550469381887524E-007  8.828970265994940E-008
------------------------------------------------------------------------
 Density matrix:
  0.852797423211183       0.155624764726704       1.052986370376455E-002
 -3.929502552347013E-007  1.858466284783857E-007  8.152202853062635E-003
 -2.587342474558468E-009  2.182553292197255E-007 -1.492574890733967E-002
  8.617349682323652E-003  5.258287086480529E-010  2.635961231678452E-009
 
 Purification loop
iterations = 1, electrons =   13.999997139, Band-str E =  -37.881666765, norm2=   1.550374539
iterations = 2, electrons =   13.999997139, Band-str E =  -37.881666765, norm2=   1.550374539
iterations = 3, electrons =   13.999997139, Band-str E =  -37.881666765, norm2=   1.550374539
iterations = 4, electrons =   13.999997139, Band-str E =  -37.881666765, norm2=   1.550374539
iterations = 5, electrons =   13.999997139, Band-str E =  -37.881666765, norm2=   1.550374539
iterations = 6, electrons =   13.999997139, Band-str E =  -37.881666765, norm2=   1.550374539
iterations = 7, electrons =   13.999997139, Band-str E =  -37.881666765, norm2=   1.550374539
iterations = 8, electrons =   13.999997139, Band-str E =  -37.881666765, norm2=   1.550374539
iterations = 9, electrons =   13.999997139, Band-str E =  -37.881666765, norm2=   1.550374539
iterations = 10, electrons =   13.999997139, Band-str E =  -37.881666765, norm2=   1.550374539
iterations = 11, electrons =   13.999997139, Band-str E =  -37.881666765, norm2=   1.550374539
iterations = 12, electrons =   13.999997139, Band-str E =  -37.881666765, norm2=   1.550374539
iterations = 13, electrons =   13.999997139, Band-str E =  -37.881666765, norm2=   1.550374539
iterations = 14, electrons =   13.999997139, Band-str E =  -37.881666765, norm2=   1.550374539
iterations = 15, electrons =   13.999997139, Band-str E =  -37.881666765, norm2=   1.550374539
iterations = 16, electrons =   13.999997139, Band-str E =  -37.881666765, norm2=   1.550374539
iterations = 17, electrons =   13.999997139, Band-str E =  -37.881666765, norm2=   1.550374539
iterations = 18, electrons =   13.999997139, Band-str E =  -37.881666765, norm2=   1.550374539
iterations = 19, electrons =   13.999997139, Band-str E =  -37.881666765, norm2=   1.550374539
iterations = 20, electrons =   13.999997139, Band-str E =  -37.881666765, norm2=   1.550374539
 
************************** AFTER PURIFICATION **************************
------------------------------------------------------------------------
 Overlap:
   1.00000000000000       0.896725798633308       0.000000000000000E+000
  0.000000000000000E+000  0.000000000000000E+000  0.000000000000000E+000
  0.000000000000000E+000  0.000000000000000E+000  0.000000000000000E+000
  0.000000000000000E+000  0.000000000000000E+000  0.000000000000000E+000
------------------------------------------------------------------------
 Hamiltonian:
  -2.98257171493521       -3.61449546563407      -0.140239717614967     
 -1.030136402846438E-007  7.579804162105575E-008 -0.134480165314394     
 -3.104968300249311E-007  2.019747391557303E-008  2.421431866922004E-002
 -1.398023788793103E-002 -5.550469381887524E-007  8.828970265994940E-008
------------------------------------------------------------------------
 Density matrix:
  0.852797423211184       0.155624764726705       1.052986370376555E-002
 -3.929502549159794E-007  1.858466263060478E-007  8.152202853062642E-003
 -2.587342312485507E-009  2.182553293759591E-007 -1.492574890733955E-002
  8.617349682323631E-003  5.258286791013853E-010  2.635961293857847E-009
 
 PTB H matrix iteration            2  done. Now diag ...
------------------------------------------------------------------------
 Overlap:
   1.00000000000000       0.896725798633308       0.000000000000000E+000
  0.000000000000000E+000  0.000000000000000E+000  0.000000000000000E+000
  0.000000000000000E+000  0.000000000000000E+000  0.000000000000000E+000
  0.000000000000000E+000  0.000000000000000E+000  0.000000000000000E+000
------------------------------------------------------------------------
 Hamiltonian:
  -1.80619113318576       -2.67052191787346      -1.886675114976526E-002
 -1.289295051466540E-007 -1.597988091097517E-008 -1.800899555333344E-002
 -2.793829511628803E-007 -1.482344183250430E-007  5.850016400157844E-002
 -3.377509297218625E-002 -4.734079264778387E-008 -2.084499587649348E-009
------------------------------------------------------------------------
 Density matrix:
  0.852797423211183       0.155624764726704       1.052986370376455E-002
 -3.929502552347013E-007  1.858466284783857E-007  8.152202853062635E-003
 -2.587342474558468E-009  2.182553292197255E-007 -1.492574890733967E-002
  8.617349682323652E-003  5.258287086480529E-010  2.635961231678452E-009
 
***************************** AFTER SOLVE2 *****************************
------------------------------------------------------------------------
 Overlap:
   1.00000000000000       0.896725798633308       0.000000000000000E+000
  0.000000000000000E+000  0.000000000000000E+000  0.000000000000000E+000
  0.000000000000000E+000  0.000000000000000E+000  0.000000000000000E+000
  0.000000000000000E+000  0.000000000000000E+000  0.000000000000000E+000
------------------------------------------------------------------------
 Hamiltonian:
  -1.80619113318576       -2.67052191787346      -1.886675114976526E-002
 -1.289295051466540E-007 -1.597988091097517E-008 -1.800899555333344E-002
 -2.793829511628803E-007 -1.482344183250430E-007  5.850016400157844E-002
 -3.377509297218625E-002 -4.734079264778387E-008 -2.084499587649348E-009
------------------------------------------------------------------------
 Density matrix:
  0.539526614125385      -1.213590069102291E-002  3.622019048323290E-002
 -7.149310078423069E-007 -2.826070863895384E-008  6.478119105558745E-003
  8.214012504434262E-008  1.015793657777340E-006 -8.187000873894706E-003
  4.727209289301082E-003  2.913066409136559E-008 -2.861540491655283E-008
 
 AFTER PURIFICATION
------------------------------------------------------------------------
 Overlap:
   1.00000000000000       0.896725798633308       0.000000000000000E+000
  0.000000000000000E+000  0.000000000000000E+000  0.000000000000000E+000
  0.000000000000000E+000  0.000000000000000E+000  0.000000000000000E+000
  0.000000000000000E+000  0.000000000000000E+000  0.000000000000000E+000
------------------------------------------------------------------------
 Hamiltonian:
  -1.80619113318576       -2.67052191787346      -1.886675114976526E-002
 -1.289295051466540E-007 -1.597988091097517E-008 -1.800899555333344E-002
 -2.793829511628803E-007 -1.482344183250430E-007  5.850016400157844E-002
 -3.377509297218625E-002 -4.734079264778387E-008 -2.084499587649348E-009
------------------------------------------------------------------------
 Density matrix:
  0.852797423211184       0.155624764726705       1.052986370376555E-002
 -3.929502549159794E-007  1.858466263060478E-007  8.152202853062642E-003
 -2.587342312485507E-009  2.182553293759591E-007 -1.492574890733955E-002
  8.617349682323631E-003  5.258286791013853E-010  2.635961293857847E-009
