 
       ==============================================
       |                 P T B                      |
       |                S.Grimme                    |
       |          Universitaet Bonn, MCTC           |
       ==============================================
       Version 3.7, Do 28. Apr 14:28:45 CEST 2022
 
       Cite work conducted with this code as
       S. Grimme, M. Mueller, A. Hansen, unpublished.
 
 ~/.atompara                                                                    
  
          =========================
          reading ... h2.xyz
          =========================
 basis read done.
 ncao           10
 nsao           10
 npr            28
 basis setup done. Ndim          10
 coreat            0
 cncao             0
 cnsao             0
 cnpr              0
 
 nalpha            1
 nbeta             1
 ntotal            2
 nopen             0
cpu  time for startup and initial S    0.02 s
wall time for startup and initial S    0.00 s
               -----------------------
               |      PTB  model      |
               | SG, MM, AH 2020-2022 |
               -----------------------
 prop :           1
 PA setup with Mull-Loew partitioning   0.333333 ...
 done.
EEQ done. sum q :   -0.000
    atom   Zeff  qEEQ  mod   srCN   noHCN   CN(EEQ)
    1    1  1.0     0.000   0.494   0.000   0.479
    2    1  1.0    -0.000   0.494   0.000   0.479
 computing Vecp ...
 PTB H matrix iteration            1  done. Now diag ...
 PTB H matrix iteration            2  done. Now diag ...
   2.00000000000000     
 bigger
 Purified P
   0.480   0.074   0.037  -0.005   0.000   0.480   0.074  -0.037   0.005   0.000
   0.074   0.011   0.006  -0.001   0.000   0.074   0.011  -0.006   0.001   0.000
   0.037   0.006   0.003  -0.000   0.000   0.037   0.006  -0.003   0.000   0.000
  -0.005  -0.001  -0.000   0.000   0.000  -0.005  -0.001   0.000  -0.000   0.000
   0.000   0.000   0.000   0.000   0.000   0.000   0.000   0.000   0.000   0.000
   0.480   0.074   0.037  -0.005   0.000   0.480   0.074  -0.037   0.005   0.000
   0.074   0.011   0.006  -0.001   0.000   0.074   0.011  -0.006   0.001   0.000
  -0.037  -0.006  -0.003   0.000   0.000  -0.037  -0.006   0.003  -0.000   0.000
   0.005   0.001   0.000  -0.000   0.000   0.005   0.001  -0.000   0.000   0.000
   0.000   0.000   0.000   0.000   0.000   0.000   0.000   0.000   0.000   0.000
   2.00000000000000     
 bigger
 Purified P
   0.480   0.074   0.037  -0.005   0.000   0.480   0.074  -0.037   0.005   0.000
   0.074   0.011   0.006  -0.001   0.000   0.074   0.011  -0.006   0.001   0.000
   0.037   0.006   0.003  -0.000   0.000   0.037   0.006  -0.003   0.000   0.000
  -0.005  -0.001  -0.000   0.000   0.000  -0.005  -0.001   0.000  -0.000   0.000
   0.000   0.000   0.000   0.000   0.000   0.000   0.000   0.000   0.000   0.000
   0.480   0.074   0.037  -0.005   0.000   0.480   0.074  -0.037   0.005   0.000
   0.074   0.011   0.006  -0.001   0.000   0.074   0.011  -0.006   0.001   0.000
  -0.037  -0.006  -0.003   0.000   0.000  -0.037  -0.006   0.003  -0.000   0.000
   0.005   0.001   0.000  -0.000   0.000   0.005   0.001  -0.000   0.000   0.000
   0.000   0.000   0.000   0.000   0.000   0.000   0.000   0.000   0.000   0.000
   2.00000000000000     
 bigger
 Purified P
   0.480   0.074   0.037  -0.005   0.000   0.480   0.074  -0.037   0.005   0.000
   0.074   0.011   0.006  -0.001   0.000   0.074   0.011  -0.006   0.001   0.000
   0.037   0.006   0.003  -0.000   0.000   0.037   0.006  -0.003   0.000   0.000
  -0.005  -0.001  -0.000   0.000   0.000  -0.005  -0.001   0.000  -0.000   0.000
   0.000   0.000   0.000   0.000   0.000   0.000   0.000   0.000   0.000   0.000
   0.480   0.074   0.037  -0.005   0.000   0.480   0.074  -0.037   0.005   0.000
   0.074   0.011   0.006  -0.001   0.000   0.074   0.011  -0.006   0.001   0.000
  -0.037  -0.006  -0.003   0.000   0.000  -0.037  -0.006   0.003  -0.000   0.000
   0.005   0.001   0.000  -0.000   0.000   0.005   0.001  -0.000   0.000   0.000
   0.000   0.000   0.000   0.000   0.000   0.000   0.000   0.000   0.000   0.000
   2.00000000000000     
 bigger
 Purified P
   0.480   0.074   0.037  -0.005   0.000   0.480   0.074  -0.037   0.005   0.000
   0.074   0.011   0.006  -0.001   0.000   0.074   0.011  -0.006   0.001   0.000
   0.037   0.006   0.003  -0.000   0.000   0.037   0.006  -0.003   0.000   0.000
  -0.005  -0.001  -0.000   0.000   0.000  -0.005  -0.001   0.000  -0.000   0.000
   0.000   0.000   0.000   0.000   0.000   0.000   0.000   0.000   0.000   0.000
   0.480   0.074   0.037  -0.005   0.000   0.480   0.074  -0.037   0.005   0.000
   0.074   0.011   0.006  -0.001   0.000   0.074   0.011  -0.006   0.001   0.000
  -0.037  -0.006  -0.003   0.000   0.000  -0.037  -0.006   0.003  -0.000   0.000
   0.005   0.001   0.000  -0.000   0.000   0.005   0.001  -0.000   0.000   0.000
   0.000   0.000   0.000   0.000   0.000   0.000   0.000   0.000   0.000   0.000
   2.00000000000000     
 bigger
 Purified P
   0.480   0.074   0.037  -0.005   0.000   0.480   0.074  -0.037   0.005   0.000
   0.074   0.011   0.006  -0.001   0.000   0.074   0.011  -0.006   0.001   0.000
   0.037   0.006   0.003  -0.000   0.000   0.037   0.006  -0.003   0.000   0.000
  -0.005  -0.001  -0.000   0.000   0.000  -0.005  -0.001   0.000  -0.000   0.000
   0.000   0.000   0.000   0.000   0.000   0.000   0.000   0.000   0.000   0.000
   0.480   0.074   0.037  -0.005   0.000   0.480   0.074  -0.037   0.005   0.000
   0.074   0.011   0.006  -0.001   0.000   0.074   0.011  -0.006   0.001   0.000
  -0.037  -0.006  -0.003   0.000   0.000  -0.037  -0.006   0.003  -0.000   0.000
   0.005   0.001   0.000  -0.000   0.000   0.005   0.001  -0.000   0.000   0.000
   0.000   0.000   0.000   0.000   0.000   0.000   0.000   0.000   0.000   0.000
   2.00000000000000     
 bigger
 Purified P
   0.480   0.074   0.037  -0.005   0.000   0.480   0.074  -0.037   0.005   0.000
   0.074   0.011   0.006  -0.001   0.000   0.074   0.011  -0.006   0.001   0.000
   0.037   0.006   0.003  -0.000   0.000   0.037   0.006  -0.003   0.000   0.000
  -0.005  -0.001  -0.000   0.000   0.000  -0.005  -0.001   0.000  -0.000   0.000
   0.000   0.000   0.000   0.000   0.000   0.000   0.000   0.000   0.000   0.000
   0.480   0.074   0.037  -0.005   0.000   0.480   0.074  -0.037   0.005   0.000
   0.074   0.011   0.006  -0.001   0.000   0.074   0.011  -0.006   0.001   0.000
  -0.037  -0.006  -0.003   0.000   0.000  -0.037  -0.006   0.003  -0.000   0.000
   0.005   0.001   0.000  -0.000   0.000   0.005   0.001  -0.000   0.000   0.000
   0.000   0.000   0.000   0.000   0.000   0.000   0.000   0.000   0.000   0.000
   2.00000000000000     
 bigger
 Purified P
   0.480   0.074   0.037  -0.005   0.000   0.480   0.074  -0.037   0.005   0.000
   0.074   0.011   0.006  -0.001   0.000   0.074   0.011  -0.006   0.001   0.000
   0.037   0.006   0.003  -0.000   0.000   0.037   0.006  -0.003   0.000   0.000
  -0.005  -0.001  -0.000   0.000   0.000  -0.005  -0.001   0.000  -0.000   0.000
   0.000   0.000   0.000   0.000   0.000   0.000   0.000   0.000   0.000   0.000
   0.480   0.074   0.037  -0.005   0.000   0.480   0.074  -0.037   0.005   0.000
   0.074   0.011   0.006  -0.001   0.000   0.074   0.011  -0.006   0.001   0.000
  -0.037  -0.006  -0.003   0.000   0.000  -0.037  -0.006   0.003  -0.000   0.000
   0.005   0.001   0.000  -0.000   0.000   0.005   0.001  -0.000   0.000   0.000
   0.000   0.000   0.000   0.000   0.000   0.000   0.000   0.000   0.000   0.000
   2.00000000000000     
 bigger
 Purified P
   0.480   0.074   0.037  -0.005   0.000   0.480   0.074  -0.037   0.005   0.000
   0.074   0.011   0.006  -0.001   0.000   0.074   0.011  -0.006   0.001   0.000
   0.037   0.006   0.003  -0.000   0.000   0.037   0.006  -0.003   0.000   0.000
  -0.005  -0.001  -0.000   0.000   0.000  -0.005  -0.001   0.000  -0.000   0.000
   0.000   0.000   0.000   0.000   0.000   0.000   0.000   0.000   0.000   0.000
   0.480   0.074   0.037  -0.005   0.000   0.480   0.074  -0.037   0.005   0.000
   0.074   0.011   0.006  -0.001   0.000   0.074   0.011  -0.006   0.001   0.000
  -0.037  -0.006  -0.003   0.000   0.000  -0.037  -0.006   0.003  -0.000   0.000
   0.005   0.001   0.000  -0.000   0.000   0.005   0.001  -0.000   0.000   0.000
   0.000   0.000   0.000   0.000   0.000   0.000   0.000   0.000   0.000   0.000
   2.00000000000000     
 bigger
 Purified P
   0.480   0.074   0.037  -0.005   0.000   0.480   0.074  -0.037   0.005   0.000
   0.074   0.011   0.006  -0.001   0.000   0.074   0.011  -0.006   0.001   0.000
   0.037   0.006   0.003  -0.000   0.000   0.037   0.006  -0.003   0.000   0.000
  -0.005  -0.001  -0.000   0.000   0.000  -0.005  -0.001   0.000  -0.000   0.000
   0.000   0.000   0.000   0.000   0.000   0.000   0.000   0.000   0.000   0.000
   0.480   0.074   0.037  -0.005   0.000   0.480   0.074  -0.037   0.005   0.000
   0.074   0.011   0.006  -0.001   0.000   0.074   0.011  -0.006   0.001   0.000
  -0.037  -0.006  -0.003   0.000   0.000  -0.037  -0.006   0.003  -0.000   0.000
   0.005   0.001   0.000  -0.000   0.000   0.005   0.001  -0.000   0.000   0.000
   0.000   0.000   0.000   0.000   0.000   0.000   0.000   0.000   0.000   0.000
   2.00000000000000     
 bigger
 Purified P
   0.480   0.074   0.037  -0.005   0.000   0.480   0.074  -0.037   0.005   0.000
   0.074   0.011   0.006  -0.001   0.000   0.074   0.011  -0.006   0.001   0.000
   0.037   0.006   0.003  -0.000   0.000   0.037   0.006  -0.003   0.000   0.000
  -0.005  -0.001  -0.000   0.000   0.000  -0.005  -0.001   0.000  -0.000   0.000
   0.000   0.000   0.000   0.000   0.000   0.000   0.000   0.000   0.000   0.000
   0.480   0.074   0.037  -0.005   0.000   0.480   0.074  -0.037   0.005   0.000
   0.074   0.011   0.006  -0.001   0.000   0.074   0.011  -0.006   0.001   0.000
  -0.037  -0.006  -0.003   0.000   0.000  -0.037  -0.006   0.003  -0.000   0.000
   0.005   0.001   0.000  -0.000   0.000   0.005   0.001  -0.000   0.000   0.000
   0.000   0.000   0.000   0.000   0.000   0.000   0.000   0.000   0.000   0.000
