 
       ==============================================
       |                 P T B                      |
       |                S.Grimme                    |
       |          Universitaet Bonn, MCTC           |
       ==============================================
       Version 3.7, Do 28. Apr 14:28:45 CEST 2022
 
       Cite work conducted with this code as
       S. Grimme, M. Mueller, A. Hansen, unpublished.
 
 ~/.atompara                                                                    
  
          =========================
          reading ... h2.xyz
          =========================
 basis read done.
 ncao           10
 nsao           10
 npr            28
 basis setup done. Ndim          10
 coreat            0
 cncao             0
 cnsao             0
 cnpr              0
 
 nalpha            1
 nbeta             1
 ntotal            2
 nopen             0
cpu  time for startup and initial S    0.02 s
wall time for startup and initial S    0.00 s
               -----------------------
               |      PTB  model      |
               | SG, MM, AH 2020-2022 |
               -----------------------
 prop :           1
 PA setup with Mull-Loew partitioning   0.333333 ...
 done.
EEQ done. sum q :   -0.000
    atom   Zeff  qEEQ  mod   srCN   noHCN   CN(EEQ)
    1    1  1.0     0.000   0.494   0.000   0.479
    2    1  1.0    -0.000   0.494   0.000   0.479
 computing Vecp ...
 PTB H matrix iteration            1  done. Now diag ...
 PTB H matrix iteration            2  done. Now diag ...
  -6.08757714367023       -1.59693175768324       -1.32256981161278     
  -1.32255245082244      -0.669865827606395       0.230131493203711     
  0.230148849534161       0.580066190111084       0.748955898543010     
   1.26343230867194     
chemical potential =    -2.2190, iterations = 2, electrons =  2.008
 Purified
   0.367   0.051  -0.008   0.001   0.000   0.075  -0.112   0.039  -0.005   0.000
   0.171   0.519   0.082  -0.011   0.000   0.018  -0.381   0.159  -0.022   0.000
  -0.068   0.039   0.143   0.009   0.000   0.184  -0.102  -0.006   0.001   0.000
   0.009  -0.005   0.009   0.206   0.000  -0.025   0.014   0.001   0.003   0.000
   0.000   0.000   0.000   0.000   0.207   0.000   0.000   0.000   0.000   0.004
   0.075  -0.112  -0.039   0.005   0.000   0.367   0.051   0.008  -0.001   0.000
   0.018  -0.381  -0.159   0.022   0.000   0.171   0.519  -0.082   0.011   0.000
  -0.184   0.102  -0.006   0.001   0.000   0.068  -0.039   0.143   0.009   0.000
   0.025  -0.014   0.001   0.003   0.000  -0.009   0.005   0.009   0.206   0.000
   0.000   0.000   0.000   0.000   0.004   0.000   0.000   0.000   0.000   0.207
 After PTB
   0.436   0.094   0.035  -0.005   0.000   0.436   0.094  -0.035   0.005   0.000
   0.094   0.020   0.008  -0.001   0.000   0.094   0.020  -0.008   0.001   0.000
   0.035   0.008   0.003  -0.000   0.000   0.035   0.008  -0.003   0.000   0.000
  -0.005  -0.001  -0.000   0.000   0.000  -0.005  -0.001   0.000  -0.000   0.000
   0.000   0.000   0.000   0.000   0.000   0.000   0.000   0.000   0.000   0.000
   0.436   0.094   0.035  -0.005   0.000   0.436   0.094  -0.035   0.005   0.000
   0.094   0.020   0.008  -0.001   0.000   0.094   0.020  -0.008   0.001   0.000
  -0.035  -0.008  -0.003   0.000   0.000  -0.035  -0.008   0.003  -0.000   0.000
   0.005   0.001   0.000  -0.000   0.000   0.005   0.001  -0.000   0.000   0.000
   0.000   0.000   0.000   0.000   0.000   0.000   0.000   0.000   0.000   0.000
   1.99999928474426     
