 
       ==============================================
       |                 P T B                      |
       |                S.Grimme                    |
       |          Universitaet Bonn, MCTC           |
       ==============================================
       Version 3.7, Do 28. Apr 14:28:45 CEST 2022
 
       Cite work conducted with this code as
       S. Grimme, M. Mueller, A. Hansen, unpublished.
 
 ~/.atompara                                                                    
  
          =========================
          reading ... cluster4.xyz
          =========================
 basis read done.
 ncao          798
 nsao          756
 npr          2100
 basis setup done. Ndim         756
 coreat           42
 cncao            42
 cnsao            42
 cnpr            252
 
 nalpha          112
 nbeta           112
 ntotal          224
 nopen             0
cpu  time for startup and initial S    0.22 s
wall time for startup and initial S    0.00 s
               -----------------------
               |      PTB  model      |
               | SG, MM, AH 2020-2022 |
               -----------------------
 prop :           1
 PA setup with Mull-Loew partitioning   0.333333 ...
 done.
EEQ done. sum q :    0.000
    atom   Zeff  qEEQ  mod   srCN   noHCN   CN(EEQ)
    1    6  4.0    -0.038   3.558   0.124   3.982
    2    6  4.0    -0.038   2.314   0.500   1.999
    3    7  5.0    -0.243   1.467   0.385   1.001
    4    1  1.0     0.118   0.922   0.003   0.994
    5    1  1.0     0.107   0.930   0.003   0.994
    6    1  1.0     0.112   0.958   0.003   0.994
    7    6  4.0    -0.036   3.339   0.120   3.981
    8    6  4.0    -0.035   2.142   0.495   1.999
    9    7  5.0    -0.212   1.273   0.383   1.000
   10    1  1.0     0.097   0.901   0.003   0.994
   11    1  1.0     0.075   0.852   0.003   0.994
   12    1  1.0     0.081   0.867   0.003   0.994
   13    6  4.0    -0.035   3.475   0.122   3.981
   14    6  4.0    -0.033   2.200   0.497   1.999
   15    7  5.0    -0.225   1.312   0.383   1.001
   16    1  1.0     0.117   0.943   0.003   0.994
   17    1  1.0     0.084   0.858   0.003   0.994
   18    1  1.0     0.115   0.938   0.003   0.994
   19    6  4.0    -0.038   3.348   0.121   3.982
   20    6  4.0    -0.042   2.197   0.496   1.999
   21    7  5.0    -0.286   1.504   0.384   1.000
   22    1  1.0     0.075   0.861   0.003   0.994
   23    1  1.0     0.075   0.860   0.003   0.994
   24    1  1.0     0.101   0.925   0.003   0.994
   25    6  4.0    -0.033   3.449   0.119   3.981
   26    6  4.0    -0.037   2.172   0.494   1.999
   27    7  5.0    -0.193   1.170   0.383   1.000
   28    1  1.0     0.116   0.948   0.003   0.994
   29    1  1.0     0.106   0.880   0.003   0.994
   30    1  1.0     0.098   0.854   0.003   0.994
   31    6  4.0    -0.039   3.386   0.121   3.981
   32    6  4.0    -0.043   2.149   0.496   1.999
   33    7  5.0    -0.207   1.205   0.383   1.001
   34    1  1.0     0.101   0.943   0.003   0.994
   35    1  1.0     0.111   0.937   0.003   0.994
   36    1  1.0     0.084   0.854   0.003   0.994
   37    6  4.0    -0.034   3.403   0.119   3.981
   38    6  4.0    -0.041   2.224   0.495   1.999
   39    7  5.0    -0.204   1.266   0.383   1.000
   40    1  1.0     0.103   0.897   0.003   0.994
   41    1  1.0     0.078   0.849   0.003   0.994
   42    1  1.0     0.081   0.869   0.003   0.994
   43    6  4.0    -0.037   3.357   0.119   3.981
   44    6  4.0    -0.035   2.178   0.494   1.999
   45    7  5.0    -0.252   1.516   0.383   1.000
   46    1  1.0     0.105   0.907   0.003   0.994
   47    1  1.0     0.082   0.852   0.003   0.994
   48    1  1.0     0.098   0.884   0.003   0.994
   49    6  4.0    -0.031   3.484   0.120   3.981
   50    6  4.0    -0.031   2.214   0.495   1.999
   51    7  5.0    -0.252   1.381   0.383   1.000
   52    1  1.0     0.117   0.931   0.003   0.994
   53    1  1.0     0.094   0.854   0.003   0.994
   54    1  1.0     0.086   0.859   0.003   0.994
   55    6  4.0    -0.033   3.448   0.119   3.981
   56    6  4.0    -0.030   2.217   0.494   1.999
   57    7  5.0    -0.216   1.361   0.383   1.000
   58    1  1.0     0.103   0.871   0.003   0.993
   59    1  1.0     0.113   0.951   0.003   0.994
   60    1  1.0     0.089   0.858   0.003   0.994
   61    6  4.0    -0.034   3.568   0.120   3.981
   62    6  4.0    -0.042   2.173   0.495   1.999
   63    7  5.0    -0.187   1.206   0.383   1.000
   64    1  1.0     0.100   0.859   0.003   0.994
   65    1  1.0     0.113   0.924   0.003   0.994
   66    1  1.0     0.115   0.920   0.003   0.994
   67    6  4.0    -0.035   3.416   0.117   3.980
   68    6  4.0    -0.034   2.101   0.493   1.999
   69    7  5.0    -0.247   1.375   0.383   1.000
   70    1  1.0     0.091   0.864   0.003   0.993
   71    1  1.0     0.109   0.910   0.003   0.994
   72    1  1.0     0.078   0.852   0.003   0.994
   73    6  4.0    -0.034   3.375   0.119   3.981
   74    6  4.0    -0.034   2.055   0.494   1.999
   75    7  5.0    -0.174   1.181   0.383   1.000
   76    1  1.0     0.106   0.884   0.003   0.994
   77    1  1.0     0.111   0.949   0.003   0.994
   78    1  1.0     0.082   0.851   0.003   0.994
   79    6  4.0    -0.033   3.431   0.119   3.981
   80    6  4.0    -0.032   2.159   0.494   1.999
   81    7  5.0    -0.235   1.339   0.383   1.000
   82    1  1.0     0.127   0.946   0.003   0.994
   83    1  1.0     0.088   0.851   0.003   0.994
   84    1  1.0     0.086   0.853   0.003   0.994
 computing Vecp ...
 PTB H matrix iteration            1  done. Now diag ...
----------------------------------------------------------------------
 Initial density:
  0.000000000000000E+000  0.000000000000000E+000  0.000000000000000E+000
  0.000000000000000E+000  0.000000000000000E+000  0.000000000000000E+000
  0.000000000000000E+000  0.000000000000000E+000  0.000000000000000E+000
  0.000000000000000E+000  0.000000000000000E+000  0.000000000000000E+000

Number of electrons:       0.000000
Band structure energy:     0.000000
------------------------------------------------------------------------
----------------------------------------------------------------------
 PTB normal density:
  0.824820038267267       0.185936960012869       1.815689428620879E-002
 -1.208806884929810E-002 -3.257856588876377E-002 -3.932342780877741E-004
  1.711971037217822E-003  3.455126467830010E-003  3.900576286831216E-004
 -1.900078797088738E-003  1.699623127813775E-003  1.075821860155269E-003

Number of electrons:     224.000000
Band structure energy:  -587.897561
------------------------------------------------------------------------

************************ PURIFICATION *************************

  __SETTINGS__
  Purification type:                 sign
  Sign mode:                         iterative
  Overlap metric (S^metric):         -0.5
  Purification cycle number:         40
  Initial chemical potential:        -1.60000000
  Fixed mode:                         T
  Verbose:                           T
 
Gershgorin norm  4194.832076
Frobenuis norm  4596.499516
Sparsity ratio:         64.7%
Max nonzero column / dimension ratio          94.7%
 F
