 
       ==============================================
       |                 P T B                      |
       |                S.Grimme                    |
       |          Universitaet Bonn, MCTC           |
       ==============================================
       Version 3.7, Do 28. Apr 14:28:45 CEST 2022
 
       Cite work conducted with this code as
       S. Grimme, M. Mueller, A. Hansen, unpublished.
 
 ~/.atompara                                                                    
  
          =========================
          reading ... ethan.xyz
          =========================
 basis read done.
 ncao           58
 nsao           56
 npr           156
 basis setup done. Ndim          56
 coreat            2
 cncao             2
 cnsao             2
 cnpr             12
 
 nalpha            7
 nbeta             7
 ntotal           14
 nopen             0
cpu  time for startup and initial S    0.03 s
wall time for startup and initial S    0.00 s
               -----------------------
               |      PTB  model      |
               | SG, MM, AH 2020-2022 |
               -----------------------
 prop :           1
 PA setup with Mull-Loew partitioning   0.333333 ...
 done.
EEQ done. sum q :    0.000
    atom   Zeff  qEEQ  mod   srCN   noHCN   CN(EEQ)
    1    6  4.0    -0.081   3.974   0.405   4.014
    2    6  4.0    -0.081   3.974   0.405   4.014
    3    1  1.0     0.027   1.026   0.004   1.005
    4    1  1.0     0.027   1.026   0.004   1.005
    5    1  1.0     0.027   1.026   0.004   1.005
    6    1  1.0     0.027   1.026   0.004   1.005
    7    1  1.0     0.027   1.026   0.004   1.005
    8    1  1.0     0.027   1.026   0.004   1.005
 computing Vecp ...
 PTB H matrix iteration            1  done. Now diag ...
----------------------------------------------------------------------
 Initial density:
  0.000000000000000E+000  0.000000000000000E+000  0.000000000000000E+000
  0.000000000000000E+000  0.000000000000000E+000  0.000000000000000E+000
  0.000000000000000E+000  0.000000000000000E+000  0.000000000000000E+000
  0.000000000000000E+000  0.000000000000000E+000  0.000000000000000E+000

Number of electrons:       0.000000
Band structure energy:     0.000000
------------------------------------------------------------------------
================================================================================
Elapse time for solve2
                Wall time:     0 d,  0 h,  0 min,      0.00178000 sec
                 CPU time:     0 d,  0 h,  0 min,      0.01403400 sec
================================================================================
----------------------------------------------------------------------
 PTB normal density:
  0.852798586490095       0.155626532079162       1.053010600971827E-002
 -2.116567128307931E-009  4.383332384591223E-007  8.151640034540756E-003
  5.087997836098764E-007  6.189927291793698E-007 -1.492580467102770E-002
  8.617861723803841E-003 -5.127013317760393E-007 -3.159234388076951E-007

Number of electrons:      14.000000
Band structure energy:   -37.881638
------------------------------------------------------------------------

************************ PURIFICATION *************************

  __SETTINGS__
  Purification type:                 sign
  Sign mode:                         diagonalisation
  Overlap metric (S^metric):         -0.5
  Purification cycle number:         20
  Initial chemical potential:        -1.00000000
  Fixed mode:                         T
  Verbose:                           T
 
Sparsity ratio:     10.97%
(max nonzero column / dimension) ratio     100.00%
The approximate increase of comp time:         41.4
================================================================================
Elapse time for sign_A
                Wall time:     0 d,  0 h,  0 min,      0.00089700 sec
                 CPU time:     0 d,  0 h,  0 min,      0.00628100 sec
================================================================================
chempot =   -1.0000, electrons =   56.0000, band-str E = 1043.7999
 
================================================================================
Elapse time for purification
                Wall time:     0 d,  0 h,  0 min,      0.00124000 sec
                 CPU time:     0 d,  0 h,  0 min,      0.00944300 sec
================================================================================
----------------------------------------------------------------------
 Purified density:
   28.7471309498267       -52.5314291358410        1.52032902450520     
 -1.865909584489876E-005 -2.169994427837670E-005  -13.7922676233686     
 -5.079019832422995E-005  2.574252072575488E-005  0.233872738044297     
 -0.135044881108412       2.284394427378719E-005  5.893645361751004E-006

Number of electrons:      56.000000
Band structure energy:  1043.799906
------------------------------------------------------------------------
