 
       ==============================================
       |                 P T B                      |
       |                S.Grimme                    |
       |          Universitaet Bonn, MCTC           |
       ==============================================
       Version 3.7, Do 28. Apr 14:28:45 CEST 2022
 
       Cite work conducted with this code as
       S. Grimme, M. Mueller, A. Hansen, unpublished.
 
 ~/.atompara                                                                    
  
          =========================
          reading ... cluster6.xyz
          =========================
 basis read done.
 ncao          793
 nsao          741
 npr          2054
 basis setup done. Ndim         741
 coreat           52
 cncao           208
 cnsao           208
 cnpr           1248
 
 nalpha          169
 nbeta           169
 ntotal          338
 nopen             0
cpu  time for startup and initial S    0.19 s
wall time for startup and initial S    0.00 s
               -----------------------
               |      PTB  model      |
               | SG, MM, AH 2020-2022 |
               -----------------------
 prop :           1
 PA setup with Mull-Loew partitioning   0.333333 ...
 done.
EEQ done. sum q :   -0.000
    atom   Zeff  qEEQ  mod   srCN   noHCN   CN(EEQ)
    1   17  7.0     0.123   3.063   0.347   1.223
    2    6  4.0    -0.251   3.282   0.684   3.974
    3   17  7.0     0.144   3.476   0.354   1.255
    4   17  7.0     0.122   3.196   0.357   1.225
    5    1  1.0    -0.055   1.384   0.003   0.995
    6   17  7.0     0.121   1.947   0.318   1.232
    7    6  4.0    -0.248   3.073   0.683   3.973
    8   17  7.0     0.109   2.610   0.343   1.223
    9   17  7.0     0.134   3.105   0.350   1.240
   10    1  1.0    -0.061   1.268   0.003   0.995
   11   17  7.0     0.089   2.104   0.329   1.219
   12    6  4.0    -0.253   3.208   0.686   3.974
   13   17  7.0     0.088   2.169   0.334   1.230
   14   17  7.0     0.084   2.339   0.336   1.226
   15    1  1.0    -0.069   1.364   0.003   0.995
   16   17  7.0     0.091   1.837   0.328   1.229
   17    6  4.0    -0.251   3.147   0.685   3.974
   18   17  7.0     0.122   2.956   0.336   1.223
   19   17  7.0     0.098   2.393   0.340   1.224
   20    1  1.0    -0.060   1.318   0.003   0.995
   21   17  7.0     0.108   2.414   0.334   1.225
   22    6  4.0    -0.251   3.208   0.684   3.974
   23   17  7.0     0.086   1.874   0.325   1.215
   24   17  7.0     0.110   2.396   0.323   1.226
   25    1  1.0    -0.059   1.399   0.003   0.995
   26   17  7.0     0.105   2.101   0.321   1.224
   27    6  4.0    -0.251   3.212   0.684   3.974
   28   17  7.0     0.104   2.340   0.326   1.221
   29   17  7.0     0.093   2.134   0.333   1.226
   30    1  1.0    -0.063   1.406   0.003   0.995
   31   17  7.0     0.102   2.313   0.329   1.226
   32    6  4.0    -0.253   3.179   0.685   3.974
   33   17  7.0     0.103   2.623   0.350   1.234
   34   17  7.0     0.087   1.850   0.327   1.225
   35    1  1.0    -0.065   1.371   0.003   0.995
   36   17  7.0     0.105   2.752   0.342   1.216
   37    6  4.0    -0.252   3.148   0.684   3.974
   38   17  7.0     0.095   1.824   0.327   1.222
   39   17  7.0     0.115   2.600   0.332   1.216
   40    1  1.0    -0.061   1.316   0.003   0.995
   41   17  7.0     0.091   1.912   0.326   1.229
   42    6  4.0    -0.254   3.184   0.685   3.974
   43   17  7.0     0.091   2.288   0.334   1.227
   44   17  7.0     0.084   2.200   0.335   1.230
   45    1  1.0    -0.067   1.337   0.003   0.995
   46   17  7.0     0.112   2.762   0.340   1.222
   47    6  4.0    -0.251   3.245   0.684   3.974
   48   17  7.0     0.094   1.853   0.327   1.225
   49   17  7.0     0.114   2.529   0.329   1.219
   50    1  1.0    -0.060   1.427   0.003   0.995
   51   17  7.0     0.102   2.476   0.339   1.220
   52    6  4.0    -0.252   3.085   0.682   3.973
   53   17  7.0     0.096   1.679   0.327   1.232
   54   17  7.0     0.117   2.535   0.320   1.213
   55    1  1.0    -0.060   1.286   0.003   0.995
   56   17  7.0     0.118   2.786   0.328   1.220
   57    6  4.0    -0.252   3.171   0.683   3.973
   58   17  7.0     0.107   2.193   0.332   1.239
   59   17  7.0     0.090   2.085   0.334   1.221
   60    1  1.0    -0.060   1.329   0.003   0.995
   61   17  7.0     0.087   2.226   0.340   1.224
   62    6  4.0    -0.250   3.210   0.681   3.973
   63   17  7.0     0.102   2.066   0.327   1.226
   64   17  7.0     0.123   2.561   0.314   1.223
   65    1  1.0    -0.060   1.362   0.003   0.995
 computing Vecp ...
 PTB H matrix iteration            1  done. Now diag ...
----------------------------------------------------------------------
 Initial density:
  0.000000000000000E+000  0.000000000000000E+000  0.000000000000000E+000
  0.000000000000000E+000  0.000000000000000E+000  0.000000000000000E+000
  0.000000000000000E+000  0.000000000000000E+000  0.000000000000000E+000
  0.000000000000000E+000  0.000000000000000E+000  0.000000000000000E+000

Number of electrons:       0.000000
Band structure energy:     0.000000
------------------------------------------------------------------------
----------------------------------------------------------------------
 PTB normal density:
   1.29551389871069       0.458142734552140      -0.166322425411460     
  5.720862671141556E-003  3.238911730328067E-002  6.518885272413996E-003
  1.554220713629084E-003 -2.278207519313048E-003 -1.929651691325053E-003
 -8.739487264100718E-005  1.366302721285449E-003  1.764735248603935E-003

Number of electrons:     338.000000
Band structure energy:  -861.907244
------------------------------------------------------------------------

************************ PURIFICATION *************************

  __SETTINGS__
  Purification type:                 sign
  Sign mode:                         iterative
  Overlap metric (S^metric):         -0.5
  Purification cycle number:         40
  Initial chemical potential:        -1.60000000
  Fixed mode:                         T
  Verbose:                           T
 
Gershgorin norm  1634.703253
Frobenuis norm  1336.963544
Sparsity ratio:         59.2%
Max nonzero column / dimension ratio          94.9%
 F
